Name                                                Stmts   Miss  Cover
-----------------------------------------------------------------------
config\__init__.py                                      2      0   100%
config\asgi.py                                          4      4     0%
config\celery.py                                        6      0   100%
config\settings.py                                     42      0   100%
config\urls.py                                          8      0   100%
config\wsgi.py                                          4      4     0%
habits\__init__.py                                      0      0   100%
habits\admin.py                                         5      0   100%
habits\apps.py                                          4      0   100%
habits\migrations\0001_initial.py                       6      0   100%
habits\migrations\0002_initial.py                       7      0   100%
habits\migrations\0003_alter_habit_owner.py             6      0   100%
habits\migrations\0004_alter_habit_periodicity.py       4      0   100%
habits\migrations\0005_alter_habit_periodicity.py       4      0   100%
habits\migrations\__init__.py                           0      0   100%
habits\models.py                                       28      1    96%
habits\paginators.py                                    3      0   100%
habits\serializer.py                                   31      1    97%
habits\services.py                                     38     13    66%
habits\tasks.py                                        24      4    83%
habits\tests.py                                        39      0   100%
habits\urls.py                                          6      0   100%
habits\validators.py                                   13      2    85%
habits\views.py                                        72     18    75%
manage.py                                              11      2    82%
users\__init__.py                                       0      0   100%
users\admin.py                                          5      0   100%
users\apps.py                                           4      0   100%
users\management\__init__.py                            0      0   100%
users\management\commands\__init__.py                   0      0   100%
users\management\commands\csu.py                       10     10     0%
users\migrations\0001_initial.py                        7      0   100%
users\migrations\0002_alter_user_tg_name.py             4      0   100%
users\migrations\0003_alter_user_tg_name.py             4      0   100%
users\migrations\__init__.py                            0      0   100%
users\models.py                                        25      1    96%
users\serializer.py                                     6      0   100%
users\tests.py                                          1      0   100%
users\urls.py                                           9      0   100%
users\views.py                                         23     12    48%
-----------------------------------------------------------------------
TOTAL                                                 465     72    85%
